0 verbose cli C:\nvm4w\nodejs\node.exe C:\nvm4w\nodejs\node_modules\npm\bin\npm-cli.js
1 info using npm@10.9.3
2 info using node@v22.18.0
3 silly config load:file:C:\Users\ANURAG RAJ\AppData\Local\nvm\v22.18.0\node_modules\npm\npmrc
4 silly config load:file:C:\Users\ANURAG RAJ\Desktop\NEXSTAR\.npmrc
5 silly config load:file:C:\Users\ANURAG RAJ\.npmrc
6 silly config load:file:C:\Users\ANURAG RAJ\AppData\Roaming\npm\etc\npmrc
7 verbose title npm install recharts@latest
8 verbose argv "install" "recharts@latest" "--cache" ".\\.npm-cache"
9 verbose logfile logs-max:10 dir:C:\Users\ANURAG RAJ\Desktop\NEXSTAR\.npm-cache\_logs\2026-06-27T12_30_12_401Z-
10 verbose logfile C:\Users\ANURAG RAJ\Desktop\NEXSTAR\.npm-cache\_logs\2026-06-27T12_30_12_401Z-debug-0.log
11 silly logfile done cleaning log files
12 silly packumentCache heap:2197815296 maxSize:549453824 maxEntrySize:274726912
13 silly packumentCache corgi:https://registry.npmjs.org/recharts cache-miss
14 http fetch GET 200 https://registry.npmjs.org/recharts 363ms (cache miss)
15 silly packumentCache corgi:https://registry.npmjs.org/recharts set size:undefined disposed:false
16 silly idealTree buildDeps
17 silly fetch manifest recharts@3.9.0
18 silly packumentCache full:https://registry.npmjs.org/recharts cache-miss
19 http cache https://registry.npmjs.org/recharts 29ms (cache hit)
20 silly packumentCache full:https://registry.npmjs.org/recharts set size:1408608 disposed:false
21 silly fetch manifest react@^19.1.0
22 silly packumentCache full:https://registry.npmjs.org/react cache-miss
23 http cache https://registry.npmjs.org/react 30ms (cache hit)
24 silly packumentCache full:https://registry.npmjs.org/react set size:6742652 disposed:false
25 silly fetch manifest react-dom@^19.1.0
26 silly packumentCache full:https://registry.npmjs.org/react-dom cache-miss
27 http cache https://registry.npmjs.org/react-dom 35ms (cache hit)
28 silly packumentCache full:https://registry.npmjs.org/react-dom set size:9018326 disposed:false
29 silly fetch manifest react-is@^16.8.0 || ^17.0.0 || ^18.0.0 || ^19.0.0
30 silly packumentCache full:https://registry.npmjs.org/react-is cache-miss
31 http cache https://registry.npmjs.org/react-is 42ms (cache hit)
32 silly packumentCache full:https://registry.npmjs.org/react-is set size:5455311 disposed:false
33 silly placeDep ROOT recharts@3.9.0 REPLACE for: nems-frontend@1.0.0 want: 3.9.0
34 silly fetch manifest @reduxjs/toolkit@^1.9.0 || 2.x.x
35 silly packumentCache full:https://registry.npmjs.org/@reduxjs%2ftoolkit cache-miss
36 silly fetch manifest decimal.js-light@^2.5.1
37 silly packumentCache full:https://registry.npmjs.org/decimal.js-light cache-miss
38 silly fetch manifest es-toolkit@^1.39.3
39 silly packumentCache full:https://registry.npmjs.org/es-toolkit cache-miss
40 silly fetch manifest eventemitter3@^5.0.1
41 silly packumentCache full:https://registry.npmjs.org/eventemitter3 cache-miss
42 silly fetch manifest immer@^10.1.1
43 silly packumentCache full:https://registry.npmjs.org/immer cache-miss
44 silly fetch manifest react-redux@8.x.x || 9.x.x
45 silly packumentCache full:https://registry.npmjs.org/react-redux cache-miss
46 silly fetch manifest reselect@5.2.0
47 silly packumentCache full:https://registry.npmjs.org/reselect cache-miss
48 silly fetch manifest use-sync-external-store@^1.2.2
49 silly packumentCache full:https://registry.npmjs.org/use-sync-external-store cache-miss
50 silly fetch manifest victory-vendor@^37.0.2
51 silly packumentCache full:https://registry.npmjs.org/victory-vendor cache-miss
52 http cache https://registry.npmjs.org/decimal.js-light 118ms (cache hit)
53 silly packumentCache full:https://registry.npmjs.org/decimal.js-light set size:38254 disposed:false
54 http cache https://registry.npmjs.org/victory-vendor 115ms (cache hit)
55 silly packumentCache full:https://registry.npmjs.org/victory-vendor set size:249266 disposed:false
56 http cache https://registry.npmjs.org/eventemitter3 124ms (cache hit)
57 silly packumentCache full:https://registry.npmjs.org/eventemitter3 set size:92292 disposed:false
58 http fetch GET 200 https://registry.npmjs.org/react-redux 192ms (cache miss)
59 silly packumentCache full:https://registry.npmjs.org/react-redux set size:undefined disposed:false
60 http fetch GET 200 https://registry.npmjs.org/@reduxjs%2ftoolkit 276ms (cache miss)
61 silly packumentCache full:https://registry.npmjs.org/@reduxjs%2ftoolkit set size:undefined disposed:false
62 http fetch GET 200 https://registry.npmjs.org/immer 302ms (cache miss)
63 silly packumentCache full:https://registry.npmjs.org/immer set size:undefined disposed:false
64 http fetch GET 200 https://registry.npmjs.org/es-toolkit 432ms (cache miss)
65 silly packumentCache full:https://registry.npmjs.org/es-toolkit set size:undefined disposed:false
66 http fetch GET 200 https://registry.npmjs.org/reselect 593ms (cache miss)
67 silly packumentCache full:https://registry.npmjs.org/reselect set size:undefined disposed:false
68 http fetch GET 200 https://registry.npmjs.org/use-sync-external-store 672ms (cache miss)
69 silly packumentCache full:https://registry.npmjs.org/use-sync-external-store set size:undefined disposed:false
70 silly fetch manifest react@^16.8.0 || ^17.0.0 || ^18.0.0 || ^19.0.0
71 silly packumentCache full:https://registry.npmjs.org/react cache-miss
72 http cache https://registry.npmjs.org/react 26ms (cache hit)
73 silly packumentCache full:https://registry.npmjs.org/react set size:6742652 disposed:false
74 silly fetch manifest @types/react@^18.2.25 || ^19
75 silly packumentCache full:https://registry.npmjs.org/@types%2freact cache-miss
76 http fetch GET 200 https://registry.npmjs.org/@types%2freact 114ms (cache miss)
77 silly packumentCache full:https://registry.npmjs.org/@types%2freact set size:undefined disposed:false
78 silly fetch manifest redux@^5.0.0
79 silly packumentCache full:https://registry.npmjs.org/redux cache-miss
80 http fetch GET 200 https://registry.npmjs.org/redux 60ms (cache miss)
81 silly packumentCache full:https://registry.npmjs.org/redux set size:undefined disposed:false
82 silly placeDep ROOT @reduxjs/toolkit@2.12.0 OK for: recharts@3.9.0 want: ^1.9.0 || 2.x.x
83 silly placeDep ROOT decimal.js-light@2.5.1 OK for: recharts@3.9.0 want: ^2.5.1
84 silly placeDep ROOT es-toolkit@1.49.0 OK for: recharts@3.9.0 want: ^1.39.3
85 silly placeDep ROOT eventemitter3@5.0.4 OK for: recharts@3.9.0 want: ^5.0.1
86 silly placeDep ROOT immer@10.2.0 OK for: recharts@3.9.0 want: ^10.1.1
87 silly placeDep ROOT react-redux@9.3.0 OK for: recharts@3.9.0 want: 8.x.x || 9.x.x
88 silly placeDep ROOT reselect@5.2.0 OK for: recharts@3.9.0 want: 5.2.0
89 silly placeDep ROOT use-sync-external-store@1.6.0 OK for: recharts@3.9.0 want: ^1.2.2
90 silly placeDep ROOT victory-vendor@37.3.6 OK for: recharts@3.9.0 want: ^37.0.2
91 silly fetch manifest @standard-schema/spec@^1.0.0
92 silly packumentCache full:https://registry.npmjs.org/@standard-schema%2fspec cache-miss
93 silly fetch manifest @standard-schema/utils@^0.3.0
94 silly packumentCache full:https://registry.npmjs.org/@standard-schema%2futils cache-miss
95 silly fetch manifest immer@^11.0.0
96 silly packumentCache full:https://registry.npmjs.org/immer cache-miss
97 silly fetch manifest redux@^5.0.1
98 silly packumentCache full:https://registry.npmjs.org/redux cache-miss
99 silly fetch manifest redux-thunk@^3.1.0
100 silly packumentCache full:https://registry.npmjs.org/redux-thunk cache-miss
101 silly fetch manifest reselect@^5.1.0
102 silly packumentCache full:https://registry.npmjs.org/reselect cache-miss
103 silly fetch manifest @types/use-sync-external-store@^0.0.6
104 silly packumentCache full:https://registry.npmjs.org/@types%2fuse-sync-external-store cache-miss
105 silly fetch manifest use-sync-external-store@^1.4.0
106 silly packumentCache full:https://registry.npmjs.org/use-sync-external-store cache-miss
107 silly fetch manifest d3-ease@^3.0.1
108 silly packumentCache full:https://registry.npmjs.org/d3-ease cache-miss
109 silly fetch manifest d3-time@^3.0.0
110 silly packumentCache full:https://registry.npmjs.org/d3-time cache-miss
111 silly fetch manifest d3-array@^3.1.6
112 silly packumentCache full:https://registry.npmjs.org/d3-array cache-miss
113 http cache https://registry.npmjs.org/redux 22ms (cache hit)
114 silly packumentCache full:https://registry.npmjs.org/redux set size:553833 disposed:false
115 silly fetch manifest d3-scale@^4.0.2
116 silly packumentCache full:https://registry.npmjs.org/d3-scale cache-miss
117 http cache https://registry.npmjs.org/reselect 28ms (cache hit)
118 silly packumentCache full:https://registry.npmjs.org/reselect set size:353417 disposed:false
119 silly fetch manifest d3-shape@^3.1.0
120 silly packumentCache full:https://registry.npmjs.org/d3-shape cache-miss
121 http cache https://registry.npmjs.org/d3-ease 32ms (cache hit)
122 silly packumentCache full:https://registry.npmjs.org/d3-ease set size:109490 disposed:false
123 silly fetch manifest d3-timer@^3.0.1
124 silly packumentCache full:https://registry.npmjs.org/d3-timer cache-miss
125 http cache https://registry.npmjs.org/immer 36ms (cache hit)
126 silly packumentCache full:https://registry.npmjs.org/immer set size:761699 disposed:false
127 silly fetch manifest @types/d3-ease@^3.0.0
128 silly packumentCache full:https://registry.npmjs.org/@types%2fd3-ease cache-miss
129 http cache https://registry.npmjs.org/d3-time 44ms (cache hit)
130 silly packumentCache full:https://registry.npmjs.org/d3-time set size:150406 disposed:false
131 silly fetch manifest @types/d3-time@^3.0.0
132 silly packumentCache full:https://registry.npmjs.org/@types%2fd3-time cache-miss
133 http cache https://registry.npmjs.org/d3-array 52ms (cache hit)
134 silly packumentCache full:https://registry.npmjs.org/d3-array set size:246308 disposed:false
135 silly fetch manifest d3-interpolate@^3.0.1
136 silly packumentCache full:https://registry.npmjs.org/d3-interpolate cache-miss
137 http cache https://registry.npmjs.org/use-sync-external-store 70ms (cache hit)
138 silly packumentCache full:https://registry.npmjs.org/use-sync-external-store set size:4771011 disposed:false
139 silly fetch manifest @types/d3-array@^3.0.3
140 silly packumentCache full:https://registry.npmjs.org/@types%2fd3-array cache-miss
141 http fetch GET 200 https://registry.npmjs.org/@types%2fuse-sync-external-store 115ms (cache miss)
142 silly packumentCache full:https://registry.npmjs.org/@types%2fuse-sync-external-store set size:undefined disposed:false
143 silly fetch manifest @types/d3-scale@^4.0.2
144 silly packumentCache full:https://registry.npmjs.org/@types%2fd3-scale cache-miss
145 http fetch GET 200 https://registry.npmjs.org/@standard-schema%2futils 124ms (cache miss)
146 silly packumentCache full:https://registry.npmjs.org/@standard-schema%2futils set size:undefined disposed:false
147 silly fetch manifest @types/d3-shape@^3.1.0
148 silly packumentCache full:https://registry.npmjs.org/@types%2fd3-shape cache-miss
149 http cache https://registry.npmjs.org/d3-timer 92ms (cache hit)
150 silly packumentCache full:https://registry.npmjs.org/d3-timer set size:101516 disposed:false
151 silly fetch manifest @types/d3-timer@^3.0.0
152 silly packumentCache full:https://registry.npmjs.org/@types%2fd3-timer cache-miss
153 http fetch GET 200 https://registry.npmjs.org/@standard-schema%2fspec 131ms (cache miss)
154 silly packumentCache full:https://registry.npmjs.org/@standard-schema%2fspec set size:undefined disposed:false
155 silly fetch manifest @types/d3-interpolate@^3.0.1
156 silly packumentCache full:https://registry.npmjs.org/@types%2fd3-interpolate cache-miss
157 http cache https://registry.npmjs.org/d3-shape 101ms (cache hit)
158 silly packumentCache full:https://registry.npmjs.org/d3-shape set size:275657 disposed:false
159 http cache https://registry.npmjs.org/d3-scale 111ms (cache hit)
160 silly packumentCache full:https://registry.npmjs.org/d3-scale set size:514172 disposed:false
161 http cache https://registry.npmjs.org/@types%2fd3-ease 100ms (cache hit)
162 silly packumentCache full:https://registry.npmjs.org/@types%2fd3-ease set size:41281 disposed:false
163 http cache https://registry.npmjs.org/d3-interpolate 90ms (cache hit)
164 silly packumentCache full:https://registry.npmjs.org/d3-interpolate set size:162337 disposed:false
165 http cache https://registry.npmjs.org/@types%2fd3-time 103ms (cache hit)
166 silly packumentCache full:https://registry.npmjs.org/@types%2fd3-time set size:52652 disposed:false
167 http cache https://registry.npmjs.org/@types%2fd3-array 59ms (cache hit)
168 silly packumentCache full:https://registry.npmjs.org/@types%2fd3-array set size:130543 disposed:false
169 http cache https://registry.npmjs.org/@types%2fd3-scale 42ms (cache hit)
170 silly packumentCache full:https://registry.npmjs.org/@types%2fd3-scale set size:131176 disposed:false
171 http cache https://registry.npmjs.org/@types%2fd3-shape 40ms (cache hit)
172 silly packumentCache full:https://registry.npmjs.org/@types%2fd3-shape set size:115816 disposed:false
173 http cache https://registry.npmjs.org/@types%2fd3-interpolate 35ms (cache hit)
174 silly packumentCache full:https://registry.npmjs.org/@types%2fd3-interpolate set size:56692 disposed:false
175 http cache https://registry.npmjs.org/@types%2fd3-timer 39ms (cache hit)
176 silly packumentCache full:https://registry.npmjs.org/@types%2fd3-timer set size:38776 disposed:false
177 http fetch GET 200 https://registry.npmjs.org/redux-thunk 300ms (cache miss)
178 silly packumentCache full:https://registry.npmjs.org/redux-thunk set size:undefined disposed:false
179 silly placeDep ROOT @standard-schema/spec@1.1.0 OK for: @reduxjs/toolkit@2.12.0 want: ^1.0.0
180 silly placeDep ROOT @standard-schema/utils@0.3.0 OK for: @reduxjs/toolkit@2.12.0 want: ^0.3.0
181 silly placeDep node_modules/@reduxjs/toolkit immer@11.1.8 OK for: @reduxjs/toolkit@2.12.0 want: ^11.0.0
182 silly placeDep ROOT redux@5.0.1 OK for: @reduxjs/toolkit@2.12.0 want: ^5.0.1
183 silly placeDep ROOT redux-thunk@3.1.0 OK for: @reduxjs/toolkit@2.12.0 want: ^3.1.0
184 silly placeDep ROOT @types/use-sync-external-store@0.0.6 OK for: react-redux@9.3.0 want: ^0.0.6
185 silly placeDep ROOT @types/d3-array@3.2.2 OK for: victory-vendor@37.3.6 want: ^3.0.3
186 silly placeDep ROOT @types/d3-ease@3.0.2 OK for: victory-vendor@37.3.6 want: ^3.0.0
187 silly placeDep ROOT @types/d3-interpolate@3.0.4 OK for: victory-vendor@37.3.6 want: ^3.0.1
188 silly placeDep ROOT @types/d3-scale@4.0.9 OK for: victory-vendor@37.3.6 want: ^4.0.2
189 silly placeDep ROOT @types/d3-shape@3.1.8 OK for: victory-vendor@37.3.6 want: ^3.1.0
190 silly placeDep ROOT @types/d3-time@3.0.4 OK for: victory-vendor@37.3.6 want: ^3.0.0
191 silly placeDep ROOT @types/d3-timer@3.0.2 OK for: victory-vendor@37.3.6 want: ^3.0.0
192 silly placeDep ROOT d3-array@3.2.4 OK for: victory-vendor@37.3.6 want: ^3.1.6
193 silly placeDep ROOT d3-ease@3.0.1 OK for: victory-vendor@37.3.6 want: ^3.0.1
194 silly placeDep ROOT d3-interpolate@3.0.1 OK for: victory-vendor@37.3.6 want: ^3.0.1
195 silly placeDep ROOT d3-scale@4.0.2 OK for: victory-vendor@37.3.6 want: ^4.0.2
196 silly placeDep ROOT d3-shape@3.2.0 OK for: victory-vendor@37.3.6 want: ^3.1.0
197 silly placeDep ROOT d3-time@3.1.0 OK for: victory-vendor@37.3.6 want: ^3.0.0
198 silly placeDep ROOT d3-timer@3.0.1 OK for: victory-vendor@37.3.6 want: ^3.0.1
199 silly fetch manifest @types/d3-color@*
200 silly packumentCache full:https://registry.npmjs.org/@types%2fd3-color cache-miss
201 silly fetch manifest @types/d3-time@*
202 silly packumentCache full:https://registry.npmjs.org/@types%2fd3-time cache-hit
203 silly fetch manifest @types/d3-path@*
204 silly packumentCache full:https://registry.npmjs.org/@types%2fd3-path cache-miss
205 silly fetch manifest internmap@1 - 2
206 silly packumentCache full:https://registry.npmjs.org/internmap cache-miss
207 silly fetch manifest d3-color@1 - 3
208 silly packumentCache full:https://registry.npmjs.org/d3-color cache-miss
209 silly fetch manifest d3-format@1 - 3
210 silly packumentCache full:https://registry.npmjs.org/d3-format cache-miss
211 silly fetch manifest d3-time@2.1.1 - 3
212 silly packumentCache full:https://registry.npmjs.org/d3-time cache-hit
213 silly fetch manifest d3-time-format@2 - 4
214 silly packumentCache full:https://registry.npmjs.org/d3-time-format cache-miss
215 silly fetch manifest d3-path@^3.1.0
216 silly packumentCache full:https://registry.npmjs.org/d3-path cache-miss
217 http cache https://registry.npmjs.org/d3-color 16ms (cache hit)
218 silly packumentCache full:https://registry.npmjs.org/d3-color set size:142335 disposed:false
219 http cache https://registry.npmjs.org/internmap 19ms (cache hit)
220 silly packumentCache full:https://registry.npmjs.org/internmap set size:19637 disposed:false
221 http cache https://registry.npmjs.org/@types%2fd3-color 21ms (cache hit)
222 silly packumentCache full:https://registry.npmjs.org/@types%2fd3-color set size:69998 disposed:false
223 http cache https://registry.npmjs.org/d3-format 22ms (cache hit)
224 silly packumentCache full:https://registry.npmjs.org/d3-format set size:107249 disposed:false
225 http cache https://registry.npmjs.org/@types%2fd3-path 25ms (cache hit)
226 silly packumentCache full:https://registry.npmjs.org/@types%2fd3-path set size:41268 disposed:false
227 http cache https://registry.npmjs.org/d3-path 24ms (cache hit)
228 silly packumentCache full:https://registry.npmjs.org/d3-path set size:77883 disposed:false
229 http cache https://registry.npmjs.org/d3-time-format 26ms (cache hit)
230 silly packumentCache full:https://registry.npmjs.org/d3-time-format set size:124514 disposed:false
231 silly placeDep ROOT @types/d3-color@3.1.3 OK for: @types/d3-interpolate@3.0.4 want: *
232 silly placeDep ROOT @types/d3-path@3.1.1 OK for: @types/d3-shape@3.1.8 want: *
233 silly placeDep ROOT internmap@2.0.3 OK for: d3-array@3.2.4 want: 1 - 2
234 silly placeDep ROOT d3-color@3.1.0 OK for: d3-interpolate@3.0.1 want: 1 - 3
235 silly placeDep ROOT d3-format@3.1.2 OK for: d3-scale@4.0.2 want: 1 - 3
236 silly placeDep ROOT d3-time-format@4.1.0 OK for: d3-scale@4.0.2 want: 2 - 4
237 silly placeDep ROOT d3-path@3.1.0 OK for: d3-shape@3.2.0 want: ^3.1.0
238 silly reify mark retired [
238 silly reify   'C:\\Users\\ANURAG RAJ\\Desktop\\NEXSTAR\\node_modules\\@babel\\runtime'
238 silly reify ]
239 silly reify mark retired [ 'C:\\Users\\ANURAG RAJ\\Desktop\\NEXSTAR\\node_modules\\csstype' ]
240 silly reify mark retired [
240 silly reify   'C:\\Users\\ANURAG RAJ\\Desktop\\NEXSTAR\\node_modules\\dom-helpers'
240 silly reify ]
241 silly reify mark retired [
241 silly reify   'C:\\Users\\ANURAG RAJ\\Desktop\\NEXSTAR\\node_modules\\eventemitter3'
241 silly reify ]
242 silly reify mark retired [
242 silly reify   'C:\\Users\\ANURAG RAJ\\Desktop\\NEXSTAR\\node_modules\\fast-equals'
242 silly reify ]
243 silly reify mark retired [ 'C:\\Users\\ANURAG RAJ\\Desktop\\NEXSTAR\\node_modules\\lodash' ]
244 silly reify mark retired [
244 silly reify   'C:\\Users\\ANURAG RAJ\\Desktop\\NEXSTAR\\node_modules\\loose-envify',
244 silly reify   'C:\\Users\\ANURAG RAJ\\Desktop\\NEXSTAR\\node_modules\\.bin\\loose-envify',
244 silly reify   'C:\\Users\\ANURAG RAJ\\Desktop\\NEXSTAR\\node_modules\\.bin\\loose-envify.cmd',
244 silly reify   'C:\\Users\\ANURAG RAJ\\Desktop\\NEXSTAR\\node_modules\\.bin\\loose-envify.ps1'
244 silly reify ]
245 silly reify mark retired [ 'C:\\Users\\ANURAG RAJ\\Desktop\\NEXSTAR\\node_modules\\prop-types' ]
246 silly reify mark retired [
246 silly reify   'C:\\Users\\ANURAG RAJ\\Desktop\\NEXSTAR\\node_modules\\react-smooth'
246 silly reify ]
247 silly reify mark retired [
247 silly reify   'C:\\Users\\ANURAG RAJ\\Desktop\\NEXSTAR\\node_modules\\react-transition-group'
247 silly reify ]
248 silly reify mark retired [ 'C:\\Users\\ANURAG RAJ\\Desktop\\NEXSTAR\\node_modules\\recharts' ]
249 silly reify mark retired [
249 silly reify   'C:\\Users\\ANURAG RAJ\\Desktop\\NEXSTAR\\node_modules\\recharts-scale'
249 silly reify ]
250 silly reify mark retired [
250 silly reify   'C:\\Users\\ANURAG RAJ\\Desktop\\NEXSTAR\\node_modules\\victory-vendor'
250 silly reify ]
251 silly reify moves {
251 silly reify   'C:\\Users\\ANURAG RAJ\\Desktop\\NEXSTAR\\node_modules\\@babel\\runtime': 'C:\\Users\\ANURAG RAJ\\Desktop\\NEXSTAR\\node_modules\\@babel\\.runtime-TAunmaTj',
251 silly reify   'C:\\Users\\ANURAG RAJ\\Desktop\\NEXSTAR\\node_modules\\csstype': 'C:\\Users\\ANURAG RAJ\\Desktop\\NEXSTAR\\node_modules\\.csstype-6V5W0jOJ',
251 silly reify   'C:\\Users\\ANURAG RAJ\\Desktop\\NEXSTAR\\node_modules\\dom-helpers': 'C:\\Users\\ANURAG RAJ\\Desktop\\NEXSTAR\\node_modules\\.dom-helpers-AyqbfPTe',
251 silly reify   'C:\\Users\\ANURAG RAJ\\Desktop\\NEXSTAR\\node_modules\\eventemitter3': 'C:\\Users\\ANURAG RAJ\\Desktop\\NEXSTAR\\node_modules\\.eventemitter3-gOA3bM3X',
251 silly reify   'C:\\Users\\ANURAG RAJ\\Desktop\\NEXSTAR\\node_modules\\fast-equals': 'C:\\Users\\ANURAG RAJ\\Desktop\\NEXSTAR\\node_modules\\.fast-equals-6yWlMEhh',
251 silly reify   'C:\\Users\\ANURAG RAJ\\Desktop\\NEXSTAR\\node_modules\\lodash': 'C:\\Users\\ANURAG RAJ\\Desktop\\NEXSTAR\\node_modules\\.lodash-DQ3EECM6',
251 silly reify   'C:\\Users\\ANURAG RAJ\\Desktop\\NEXSTAR\\node_modules\\loose-envify': 'C:\\Users\\ANURAG RAJ\\Desktop\\NEXSTAR\\node_modules\\.loose-envify-blQa481D',
251 silly reify   'C:\\Users\\ANURAG RAJ\\Desktop\\NEXSTAR\\node_modules\\.bin\\loose-envify': 'C:\\Users\\ANURAG RAJ\\Desktop\\NEXSTAR\\node_modules\\.bin\\.loose-envify-Tza9zJqv',
251 silly reify   'C:\\Users\\ANURAG RAJ\\Desktop\\NEXSTAR\\node_modules\\.bin\\loose-envify.cmd': 'C:\\Users\\ANURAG RAJ\\Desktop\\NEXSTAR\\node_modules\\.bin\\.loose-envify.cmd-ueGgJhwQ',
251 silly reify   'C:\\Users\\ANURAG RAJ\\Desktop\\NEXSTAR\\node_modules\\.bin\\loose-envify.ps1': 'C:\\Users\\ANURAG RAJ\\Desktop\\NEXSTAR\\node_modules\\.bin\\.loose-envify.ps1-DtMQyrme',
251 silly reify   'C:\\Users\\ANURAG RAJ\\Desktop\\NEXSTAR\\node_modules\\prop-types': 'C:\\Users\\ANURAG RAJ\\Desktop\\NEXSTAR\\node_modules\\.prop-types-e8FWv3VH',
251 silly reify   'C:\\Users\\ANURAG RAJ\\Desktop\\NEXSTAR\\node_modules\\react-smooth': 'C:\\Users\\ANURAG RAJ\\Desktop\\NEXSTAR\\node_modules\\.react-smooth-WHc20gA5',
251 silly reify   'C:\\Users\\ANURAG RAJ\\Desktop\\NEXSTAR\\node_modules\\react-transition-group': 'C:\\Users\\ANURAG RAJ\\Desktop\\NEXSTAR\\node_modules\\.react-transition-group-UxKHYPM6',
251 silly reify   'C:\\Users\\ANURAG RAJ\\Desktop\\NEXSTAR\\node_modules\\recharts': 'C:\\Users\\ANURAG RAJ\\Desktop\\NEXSTAR\\node_modules\\.recharts-M5bQhvQ6',
251 silly reify   'C:\\Users\\ANURAG RAJ\\Desktop\\NEXSTAR\\node_modules\\recharts-scale': 'C:\\Users\\ANURAG RAJ\\Desktop\\NEXSTAR\\node_modules\\.recharts-scale-l1MSn5ic',
251 silly reify   'C:\\Users\\ANURAG RAJ\\Desktop\\NEXSTAR\\node_modules\\victory-vendor': 'C:\\Users\\ANURAG RAJ\\Desktop\\NEXSTAR\\node_modules\\.victory-vendor-6eXOqpcv'
251 silly reify }
252 silly audit bulk request {
252 silly audit   '@alloc/quick-lru': [ '5.2.0' ],
252 silly audit   '@babel/code-frame': [ '7.29.7' ],
252 silly audit   '@babel/compat-data': [ '7.29.7' ],
252 silly audit   '@babel/core': [ '7.29.7' ],
252 silly audit   '@babel/generator': [ '7.29.7' ],
252 silly audit   '@babel/helper-compilation-targets': [ '7.29.7' ],
252 silly audit   '@babel/helper-globals': [ '7.29.7' ],
252 silly audit   '@babel/helper-module-imports': [ '7.29.7' ],
252 silly audit   '@babel/helper-module-transforms': [ '7.29.7' ],
252 silly audit   '@babel/helper-plugin-utils': [ '7.29.7' ],
252 silly audit   '@babel/helper-string-parser': [ '7.29.7' ],
252 silly audit   '@babel/helper-validator-identifier': [ '7.29.7' ],
252 silly audit   '@babel/helper-validator-option': [ '7.29.7' ],
252 silly audit   '@babel/helpers': [ '7.29.7' ],
252 silly audit   '@babel/parser': [ '7.29.7' ],
252 silly audit   '@babel/plugin-transform-react-jsx-self': [ '7.29.7' ],
252 silly audit   '@babel/plugin-transform-react-jsx-source': [ '7.29.7' ],
252 silly audit   '@babel/template': [ '7.29.7' ],
252 silly audit   '@babel/traverse': [ '7.29.7' ],
252 silly audit   '@babel/types': [ '7.29.7' ],
252 silly audit   '@esbuild/aix-ppc64': [ '0.28.1' ],
252 silly audit   '@esbuild/android-arm': [ '0.28.1' ],
252 silly audit   '@esbuild/android-arm64': [ '0.28.1' ],
252 silly audit   '@esbuild/android-x64': [ '0.28.1' ],
252 silly audit   '@esbuild/darwin-arm64': [ '0.28.1' ],
252 silly audit   '@esbuild/darwin-x64': [ '0.28.1' ],
252 silly audit   '@esbuild/freebsd-arm64': [ '0.28.1' ],
252 silly audit   '@esbuild/freebsd-x64': [ '0.28.1' ],
252 silly audit   '@esbuild/linux-arm': [ '0.28.1' ],
252 silly audit   '@esbuild/linux-arm64': [ '0.28.1' ],
252 silly audit   '@esbuild/linux-ia32': [ '0.28.1' ],
252 silly audit   '@esbuild/linux-loong64': [ '0.28.1' ],
252 silly audit   '@esbuild/linux-mips64el': [ '0.28.1' ],
252 silly audit   '@esbuild/linux-ppc64': [ '0.28.1' ],
252 silly audit   '@esbuild/linux-riscv64': [ '0.28.1' ],
252 silly audit   '@esbuild/linux-s390x': [ '0.28.1' ],
252 silly audit   '@esbuild/linux-x64': [ '0.28.1' ],
252 silly audit   '@esbuild/netbsd-arm64': [ '0.28.1' ],
252 silly audit   '@esbuild/netbsd-x64': [ '0.28.1' ],
252 silly audit   '@esbuild/openbsd-arm64': [ '0.28.1' ],
252 silly audit   '@esbuild/openbsd-x64': [ '0.28.1' ],
252 silly audit   '@esbuild/openharmony-arm64': [ '0.28.1' ],
252 silly audit   '@esbuild/sunos-x64': [ '0.28.1' ],
252 silly audit   '@esbuild/win32-arm64': [ '0.28.1' ],
252 silly audit   '@esbuild/win32-ia32': [ '0.28.1' ],
252 silly audit   '@esbuild/win32-x64': [ '0.28.1' ],
252 silly audit   '@jridgewell/gen-mapping': [ '0.3.13' ],
252 silly audit   '@jridgewell/remapping': [ '2.3.5' ],
252 silly audit   '@jridgewell/resolve-uri': [ '3.1.2' ],
252 silly audit   '@jridgewell/sourcemap-codec': [ '1.5.5' ],
252 silly audit   '@jridgewell/trace-mapping': [ '0.3.31' ],
252 silly audit   '@nodelib/fs.scandir': [ '2.1.5' ],
252 silly audit   '@nodelib/fs.stat': [ '2.0.5' ],
252 silly audit   '@nodelib/fs.walk': [ '1.2.8' ],
252 silly audit   '@rolldown/pluginutils': [ '1.0.0-rc.3' ],
252 silly audit   '@rollup/rollup-android-arm-eabi': [ '4.62.2' ],
252 silly audit   '@rollup/rollup-android-arm64': [ '4.62.2' ],
252 silly audit   '@rollup/rollup-darwin-arm64': [ '4.62.2' ],
252 silly audit   '@rollup/rollup-darwin-x64': [ '4.62.2' ],
252 silly audit   '@rollup/rollup-freebsd-arm64': [ '4.62.2' ],
252 silly audit   '@rollup/rollup-freebsd-x64': [ '4.62.2' ],
252 silly audit   '@rollup/rollup-linux-arm-gnueabihf': [ '4.62.2' ],
252 silly audit   '@rollup/rollup-linux-arm-musleabihf': [ '4.62.2' ],
252 silly audit   '@rollup/rollup-linux-arm64-gnu': [ '4.62.2' ],
252 silly audit   '@rollup/rollup-linux-arm64-musl': [ '4.62.2' ],
252 silly audit   '@rollup/rollup-linux-loong64-gnu': [ '4.62.2' ],
252 silly audit   '@rollup/rollup-linux-loong64-musl': [ '4.62.2' ],
252 silly audit   '@rollup/rollup-linux-ppc64-gnu': [ '4.62.2' ],
252 silly audit   '@rollup/rollup-linux-ppc64-musl': [ '4.62.2' ],
252 silly audit   '@rollup/rollup-linux-riscv64-gnu': [ '4.62.2' ],
252 silly audit   '@rollup/rollup-linux-riscv64-musl': [ '4.62.2' ],
252 silly audit   '@rollup/rollup-linux-s390x-gnu': [ '4.62.2' ],
252 silly audit   '@rollup/rollup-linux-x64-gnu': [ '4.62.2' ],
252 silly audit   '@rollup/rollup-linux-x64-musl': [ '4.62.2' ],
252 silly audit   '@rollup/rollup-openbsd-x64': [ '4.62.2' ],
252 silly audit   '@rollup/rollup-openharmony-arm64': [ '4.62.2' ],
252 silly audit   '@rollup/rollup-win32-arm64-msvc': [ '4.62.2' ],
252 silly audit   '@rollup/rollup-win32-ia32-msvc': [ '4.62.2' ],
252 silly audit   '@rollup/rollup-win32-x64-gnu': [ '4.62.2' ],
252 silly audit   '@rollup/rollup-win32-x64-msvc': [ '4.62.2' ],
252 silly audit   '@types/babel__core': [ '7.20.5' ],
252 silly audit   '@types/babel__generator': [ '7.27.0' ],
252 silly audit   '@types/babel__template': [ '7.4.4' ],
252 silly audit   '@types/babel__traverse': [ '7.28.0' ],
252 silly audit   '@types/estree': [ '1.0.9' ],
252 silly audit   '@vitejs/plugin-react': [ '5.2.0' ],
252 silly audit   'any-promise': [ '1.3.0' ],
252 silly audit   anymatch: [ '3.1.3' ],
252 silly audit   arg: [ '5.0.2' ],
252 silly audit   autoprefixer: [ '10.5.2' ],
252 silly audit   'baseline-browser-mapping': [ '2.10.40' ],
252 silly audit   'binary-extensions': [ '2.3.0' ],
252 silly audit   braces: [ '3.0.3' ],
252 silly audit   browserslist: [ '4.28.4' ],
252 silly audit   'camelcase-css': [ '2.0.1' ],
252 silly audit   'caniuse-lite': [ '1.0.30001799' ],
252 silly audit   chokidar: [ '3.6.0' ],
252 silly audit   'glob-parent': [ '5.1.2', '6.0.2' ],
252 silly audit   clsx: [ '2.1.1' ],
252 silly audit   commander: [ '4.1.1' ],
252 silly audit   'convert-source-map': [ '2.0.0' ],
252 silly audit   cookie: [ '1.1.1' ],
252 silly audit   cssesc: [ '3.0.0' ],
252 silly audit   debug: [ '4.4.3' ],
252 silly audit   didyoumean: [ '1.2.2' ],
252 silly audit   dlv: [ '1.1.3' ],
252 silly audit   'electron-to-chromium': [ '1.5.380' ],
252 silly audit   'es-errors': [ '1.3.0' ],
252 silly audit   esbuild: [ '0.28.1' ],
252 silly audit   escalade: [ '3.2.0' ],
252 silly audit   'fast-glob': [ '3.3.3' ],
252 silly audit   fastq: [ '1.20.1' ],
252 silly audit   'fill-range': [ '7.1.1' ],
252 silly audit   'fraction.js': [ '5.3.4' ],
252 silly audit   fsevents: [ '2.3.3' ],
252 silly audit   'function-bind': [ '1.1.2' ],
252 silly audit   gensync: [ '1.0.0-beta.2' ],
252 silly audit   hasown: [ '2.0.4' ],
252 silly audit   'is-binary-path': [ '2.1.0' ],
252 silly audit   'is-core-module': [ '2.16.2' ],
252 silly audit   'is-extglob': [ '2.1.1' ],
252 silly audit   'is-glob': [ '4.0.3' ],
252 silly audit   'is-number': [ '7.0.0' ],
252 silly audit   jiti: [ '1.21.7' ],
252 silly audit   'js-tokens': [ '4.0.0' ],
252 silly audit   jsesc: [ '3.1.0' ],
252 silly audit   json5: [ '2.2.3' ],
252 silly audit   lilconfig: [ '3.1.3' ],
252 silly audit   'lines-and-columns': [ '1.2.4' ],
252 silly audit   'lru-cache': [ '5.1.1' ],
252 silly audit   'lucide-react': [ '0.468.0' ],
252 silly audit   merge2: [ '1.4.1' ],
252 silly audit   micromatch: [ '4.0.8' ],
252 silly audit   ms: [ '2.1.3' ],
252 silly audit   mz: [ '2.7.0' ],
252 silly audit   nanoid: [ '3.3.15' ],
252 silly audit   'node-releases': [ '2.0.50' ],
252 silly audit   'normalize-path': [ '3.0.0' ],
252 silly audit   'object-assign': [ '4.1.1' ],
252 silly audit   'object-hash': [ '3.0.0' ],
252 silly audit   'path-parse': [ '1.0.7' ],
252 silly audit   picocolors: [ '1.1.1' ],
252 silly audit   picomatch: [ '2.3.2', '4.0.4' ],
252 silly audit   pify: [ '2.3.0' ],
252 silly audit   pirates: [ '4.0.7' ],
252 silly audit   postcss: [ '8.5.15' ],
252 silly audit   'postcss-import': [ '15.1.0' ],
252 silly audit   'postcss-js': [ '4.1.0' ],
252 silly audit   'postcss-load-config': [ '6.0.1' ],
252 silly audit   'postcss-nested': [ '6.2.0' ],
252 silly audit   'postcss-selector-parser': [ '6.1.4' ],
252 silly audit   'postcss-value-parser': [ '4.2.0' ],
252 silly audit   'react-is': [ '18.3.1' ],
252 silly audit   'queue-microtask': [ '1.2.3' ],
252 silly audit   react: [ '19.2.7' ],
252 silly audit   'react-dom': [ '19.2.7' ],
252 silly audit   'react-refresh': [ '0.18.0' ],
252 silly audit   'react-router': [ '7.18.0' ],
252 silly audit   'react-router-dom': [ '7.18.0' ],
252 silly audit   'read-cache': [ '1.0.0' ],
252 silly audit   readdirp: [ '3.6.0' ],
252 silly audit   resolve: [ '1.22.12' ],
252 silly audit   reusify: [ '1.1.0' ],
252 silly audit   rollup: [ '4.62.2' ],
252 silly audit   'run-parallel': [ '1.2.0' ],
252 silly audit   scheduler: [ '0.27.0' ],
252 silly audit   semver: [ '6.3.1' ],
252 silly audit   'set-cookie-parser': [ '2.7.2' ],
252 silly audit   'source-map-js': [ '1.2.1' ],
252 silly audit   sucrase: [ '3.35.1' ],
252 silly audit   'supports-preserve-symlinks-flag': [ '1.0.0' ],
252 silly audit   tailwindcss: [ '3.4.19' ],
252 silly audit   thenify: [ '3.3.1' ],
252 silly audit   'thenify-all': [ '1.6.0' ],
252 silly audit   'tiny-invariant': [ '1.3.3' ],
252 silly audit   tinyglobby: [ '0.2.17' ],
252 silly audit   fdir: [ '6.5.0' ],
252 silly audit   'to-regex-range': [ '5.0.1' ],
252 silly audit   'ts-interface-checker': [ '0.1.13' ],
252 silly audit   'update-browserslist-db': [ '1.2.3' ],
252 silly audit   'util-deprecate': [ '1.0.2' ],
252 silly audit   vite: [ '7.3.6' ],
252 silly audit   yallist: [ '3.1.1' ],
252 silly audit   recharts: [ '3.9.0' ],
252 silly audit   '@reduxjs/toolkit': [ '2.12.0' ],
252 silly audit   'decimal.js-light': [ '2.5.1' ],
252 silly audit   'es-toolkit': [ '1.49.0' ],
252 silly audit   eventemitter3: [ '5.0.4' ],
252 silly audit   immer: [ '10.2.0', '11.1.8' ],
252 silly audit   'react-redux': [ '9.3.0' ],
252 silly audit   reselect: [ '5.2.0' ],
252 silly audit   'use-sync-external-store': [ '1.6.0' ],
252 silly audit   'victory-vendor': [ '37.3.6' ],
252 silly audit   '@standard-schema/spec': [ '1.1.0' ],
252 silly audit   '@standard-schema/utils': [ '0.3.0' ],
252 silly audit   redux: [ '5.0.1' ],
252 silly audit   'redux-thunk': [ '3.1.0' ],
252 silly audit   '@types/use-sync-external-store': [ '0.0.6' ],
252 silly audit   '@types/d3-array': [ '3.2.2' ],
252 silly audit   '@types/d3-ease': [ '3.0.2' ],
252 silly audit   '@types/d3-interpolate': [ '3.0.4' ],
252 silly audit   '@types/d3-scale': [ '4.0.9' ],
252 silly audit   '@types/d3-shape': [ '3.1.8' ],
252 silly audit   '@types/d3-time': [ '3.0.4' ],
252 silly audit   '@types/d3-timer': [ '3.0.2' ],
252 silly audit   'd3-array': [ '3.2.4' ],
252 silly audit   'd3-ease': [ '3.0.1' ],
252 silly audit   'd3-interpolate': [ '3.0.1' ],
252 silly audit   'd3-scale': [ '4.0.2' ],
252 silly audit   'd3-shape': [ '3.2.0' ],
252 silly audit   'd3-time': [ '3.1.0' ],
252 silly audit   'd3-timer': [ '3.0.1' ],
252 silly audit   '@types/d3-color': [ '3.1.3' ],
252 silly audit   '@types/d3-path': [ '3.1.1' ],
252 silly audit   internmap: [ '2.0.3' ],
252 silly audit   'd3-color': [ '3.1.0' ],
252 silly audit   'd3-format': [ '3.1.2' ],
252 silly audit   'd3-time-format': [ '4.1.0' ],
252 silly audit   'd3-path': [ '3.1.0' ]
252 silly audit }
253 verbose reify failed optional dependency C:\Users\ANURAG RAJ\Desktop\NEXSTAR\node_modules\fsevents
254 silly reify mark deleted [ 'C:\\Users\\ANURAG RAJ\\Desktop\\NEXSTAR\\node_modules\\fsevents' ]
255 verbose reify failed optional dependency C:\Users\ANURAG RAJ\Desktop\NEXSTAR\node_modules\@rollup\rollup-win32-ia32-msvc
256 silly reify mark deleted [
256 silly reify   'C:\\Users\\ANURAG RAJ\\Desktop\\NEXSTAR\\node_modules\\@rollup\\rollup-win32-ia32-msvc'
256 silly reify ]
257 verbose reify failed optional dependency C:\Users\ANURAG RAJ\Desktop\NEXSTAR\node_modules\@rollup\rollup-win32-arm64-msvc
258 silly reify mark deleted [
258 silly reify   'C:\\Users\\ANURAG RAJ\\Desktop\\NEXSTAR\\node_modules\\@rollup\\rollup-win32-arm64-msvc'
258 silly reify ]
259 verbose reify failed optional dependency C:\Users\ANURAG RAJ\Desktop\NEXSTAR\node_modules\@rollup\rollup-openharmony-arm64
260 silly reify mark deleted [
260 silly reify   'C:\\Users\\ANURAG RAJ\\Desktop\\NEXSTAR\\node_modules\\@rollup\\rollup-openharmony-arm64'
260 silly reify ]
261 verbose reify failed optional dependency C:\Users\ANURAG RAJ\Desktop\NEXSTAR\node_modules\@rollup\rollup-openbsd-x64
262 silly reify mark deleted [
262 silly reify   'C:\\Users\\ANURAG RAJ\\Desktop\\NEXSTAR\\node_modules\\@rollup\\rollup-openbsd-x64'
262 silly reify ]
263 verbose reify failed optional dependency C:\Users\ANURAG RAJ\Desktop\NEXSTAR\node_modules\@rollup\rollup-linux-x64-musl
264 silly reify mark deleted [
264 silly reify   'C:\\Users\\ANURAG RAJ\\Desktop\\NEXSTAR\\node_modules\\@rollup\\rollup-linux-x64-musl'
264 silly reify ]
265 verbose reify failed optional dependency C:\Users\ANURAG RAJ\Desktop\NEXSTAR\node_modules\@rollup\rollup-linux-x64-gnu
266 silly reify mark deleted [
266 silly reify   'C:\\Users\\ANURAG RAJ\\Desktop\\NEXSTAR\\node_modules\\@rollup\\rollup-linux-x64-gnu'
266 silly reify ]
267 verbose reify failed optional dependency C:\Users\ANURAG RAJ\Desktop\NEXSTAR\node_modules\@rollup\rollup-linux-s390x-gnu
268 silly reify mark deleted [
268 silly reify   'C:\\Users\\ANURAG RAJ\\Desktop\\NEXSTAR\\node_modules\\@rollup\\rollup-linux-s390x-gnu'
268 silly reify ]
269 verbose reify failed optional dependency C:\Users\ANURAG RAJ\Desktop\NEXSTAR\node_modules\@rollup\rollup-linux-riscv64-musl
270 silly reify mark deleted [
270 silly reify   'C:\\Users\\ANURAG RAJ\\Desktop\\NEXSTAR\\node_modules\\@rollup\\rollup-linux-riscv64-musl'
270 silly reify ]
271 verbose reify failed optional dependency C:\Users\ANURAG RAJ\Desktop\NEXSTAR\node_modules\@rollup\rollup-linux-riscv64-gnu
272 silly reify mark deleted [
272 silly reify   'C:\\Users\\ANURAG RAJ\\Desktop\\NEXSTAR\\node_modules\\@rollup\\rollup-linux-riscv64-gnu'
272 silly reify ]
273 verbose reify failed optional dependency C:\Users\ANURAG RAJ\Desktop\NEXSTAR\node_modules\@rollup\rollup-linux-ppc64-musl
274 silly reify mark deleted [
274 silly reify   'C:\\Users\\ANURAG RAJ\\Desktop\\NEXSTAR\\node_modules\\@rollup\\rollup-linux-ppc64-musl'
274 silly reify ]
275 verbose reify failed optional dependency C:\Users\ANURAG RAJ\Desktop\NEXSTAR\node_modules\@rollup\rollup-linux-ppc64-gnu
276 silly reify mark deleted [
276 silly reify   'C:\\Users\\ANURAG RAJ\\Desktop\\NEXSTAR\\node_modules\\@rollup\\rollup-linux-ppc64-gnu'
276 silly reify ]
277 verbose reify failed optional dependency C:\Users\ANURAG RAJ\Desktop\NEXSTAR\node_modules\@rollup\rollup-linux-loong64-musl
278 silly reify mark deleted [
278 silly reify   'C:\\Users\\ANURAG RAJ\\Desktop\\NEXSTAR\\node_modules\\@rollup\\rollup-linux-loong64-musl'
278 silly reify ]
279 verbose reify failed optional dependency C:\Users\ANURAG RAJ\Desktop\NEXSTAR\node_modules\@rollup\rollup-linux-loong64-gnu
280 silly reify mark deleted [
280 silly reify   'C:\\Users\\ANURAG RAJ\\Desktop\\NEXSTAR\\node_modules\\@rollup\\rollup-linux-loong64-gnu'
280 silly reify ]
281 verbose reify failed optional dependency C:\Users\ANURAG RAJ\Desktop\NEXSTAR\node_modules\@rollup\rollup-linux-arm64-musl
282 silly reify mark deleted [
282 silly reify   'C:\\Users\\ANURAG RAJ\\Desktop\\NEXSTAR\\node_modules\\@rollup\\rollup-linux-arm64-musl'
282 silly reify ]
283 verbose reify failed optional dependency C:\Users\ANURAG RAJ\Desktop\NEXSTAR\node_modules\@rollup\rollup-linux-arm64-gnu
284 silly reify mark deleted [
284 silly reify   'C:\\Users\\ANURAG RAJ\\Desktop\\NEXSTAR\\node_modules\\@rollup\\rollup-linux-arm64-gnu'
284 silly reify ]
285 verbose reify failed optional dependency C:\Users\ANURAG RAJ\Desktop\NEXSTAR\node_modules\@rollup\rollup-linux-arm-musleabihf
286 silly reify mark deleted [
286 silly reify   'C:\\Users\\ANURAG RAJ\\Desktop\\NEXSTAR\\node_modules\\@rollup\\rollup-linux-arm-musleabihf'
286 silly reify ]
287 verbose reify failed optional dependency C:\Users\ANURAG RAJ\Desktop\NEXSTAR\node_modules\@rollup\rollup-linux-arm-gnueabihf
288 silly reify mark deleted [
288 silly reify   'C:\\Users\\ANURAG RAJ\\Desktop\\NEXSTAR\\node_modules\\@rollup\\rollup-linux-arm-gnueabihf'
288 silly reify ]
289 verbose reify failed optional dependency C:\Users\ANURAG RAJ\Desktop\NEXSTAR\node_modules\@rollup\rollup-freebsd-x64
290 silly reify mark deleted [
290 silly reify   'C:\\Users\\ANURAG RAJ\\Desktop\\NEXSTAR\\node_modules\\@rollup\\rollup-freebsd-x64'
290 silly reify ]
291 verbose reify failed optional dependency C:\Users\ANURAG RAJ\Desktop\NEXSTAR\node_modules\@rollup\rollup-freebsd-arm64
292 silly reify mark deleted [
292 silly reify   'C:\\Users\\ANURAG RAJ\\Desktop\\NEXSTAR\\node_modules\\@rollup\\rollup-freebsd-arm64'
292 silly reify ]
293 verbose reify failed optional dependency C:\Users\ANURAG RAJ\Desktop\NEXSTAR\node_modules\@rollup\rollup-darwin-x64
294 silly reify mark deleted [
294 silly reify   'C:\\Users\\ANURAG RAJ\\Desktop\\NEXSTAR\\node_modules\\@rollup\\rollup-darwin-x64'
294 silly reify ]
295 verbose reify failed optional dependency C:\Users\ANURAG RAJ\Desktop\NEXSTAR\node_modules\@rollup\rollup-darwin-arm64
296 silly reify mark deleted [
296 silly reify   'C:\\Users\\ANURAG RAJ\\Desktop\\NEXSTAR\\node_modules\\@rollup\\rollup-darwin-arm64'
296 silly reify ]
297 verbose reify failed optional dependency C:\Users\ANURAG RAJ\Desktop\NEXSTAR\node_modules\@rollup\rollup-android-arm64
298 silly reify mark deleted [
298 silly reify   'C:\\Users\\ANURAG RAJ\\Desktop\\NEXSTAR\\node_modules\\@rollup\\rollup-android-arm64'
298 silly reify ]
299 verbose reify failed optional dependency C:\Users\ANURAG RAJ\Desktop\NEXSTAR\node_modules\@rollup\rollup-android-arm-eabi
300 silly reify mark deleted [
300 silly reify   'C:\\Users\\ANURAG RAJ\\Desktop\\NEXSTAR\\node_modules\\@rollup\\rollup-android-arm-eabi'
300 silly reify ]
301 verbose reify failed optional dependency C:\Users\ANURAG RAJ\Desktop\NEXSTAR\node_modules\@esbuild\win32-ia32
302 silly reify mark deleted [
302 silly reify   'C:\\Users\\ANURAG RAJ\\Desktop\\NEXSTAR\\node_modules\\@esbuild\\win32-ia32'
302 silly reify ]
303 verbose reify failed optional dependency C:\Users\ANURAG RAJ\Desktop\NEXSTAR\node_modules\@esbuild\win32-arm64
304 silly reify mark deleted [
304 silly reify   'C:\\Users\\ANURAG RAJ\\Desktop\\NEXSTAR\\node_modules\\@esbuild\\win32-arm64'
304 silly reify ]
305 verbose reify failed optional dependency C:\Users\ANURAG RAJ\Desktop\NEXSTAR\node_modules\@esbuild\sunos-x64
306 silly reify mark deleted [
306 silly reify   'C:\\Users\\ANURAG RAJ\\Desktop\\NEXSTAR\\node_modules\\@esbuild\\sunos-x64'
306 silly reify ]
307 verbose reify failed optional dependency C:\Users\ANURAG RAJ\Desktop\NEXSTAR\node_modules\@esbuild\openharmony-arm64
308 silly reify mark deleted [
308 silly reify   'C:\\Users\\ANURAG RAJ\\Desktop\\NEXSTAR\\node_modules\\@esbuild\\openharmony-arm64'
308 silly reify ]
309 verbose reify failed optional dependency C:\Users\ANURAG RAJ\Desktop\NEXSTAR\node_modules\@esbuild\openbsd-x64
310 silly reify mark deleted [
310 silly reify   'C:\\Users\\ANURAG RAJ\\Desktop\\NEXSTAR\\node_modules\\@esbuild\\openbsd-x64'
310 silly reify ]
311 verbose reify failed optional dependency C:\Users\ANURAG RAJ\Desktop\NEXSTAR\node_modules\@esbuild\openbsd-arm64
312 silly reify mark deleted [
312 silly reify   'C:\\Users\\ANURAG RAJ\\Desktop\\NEXSTAR\\node_modules\\@esbuild\\openbsd-arm64'
312 silly reify ]
313 verbose reify failed optional dependency C:\Users\ANURAG RAJ\Desktop\NEXSTAR\node_modules\@esbuild\netbsd-x64
314 silly reify mark deleted [
314 silly reify   'C:\\Users\\ANURAG RAJ\\Desktop\\NEXSTAR\\node_modules\\@esbuild\\netbsd-x64'
314 silly reify ]
315 verbose reify failed optional dependency C:\Users\ANURAG RAJ\Desktop\NEXSTAR\node_modules\@esbuild\netbsd-arm64
316 silly reify mark deleted [
316 silly reify   'C:\\Users\\ANURAG RAJ\\Desktop\\NEXSTAR\\node_modules\\@esbuild\\netbsd-arm64'
316 silly reify ]
317 verbose reify failed optional dependency C:\Users\ANURAG RAJ\Desktop\NEXSTAR\node_modules\@esbuild\linux-x64
318 silly reify mark deleted [
318 silly reify   'C:\\Users\\ANURAG RAJ\\Desktop\\NEXSTAR\\node_modules\\@esbuild\\linux-x64'
318 silly reify ]
319 verbose reify failed optional dependency C:\Users\ANURAG RAJ\Desktop\NEXSTAR\node_modules\@esbuild\linux-s390x
320 silly reify mark deleted [
320 silly reify   'C:\\Users\\ANURAG RAJ\\Desktop\\NEXSTAR\\node_modules\\@esbuild\\linux-s390x'
320 silly reify ]
321 verbose reify failed optional dependency C:\Users\ANURAG RAJ\Desktop\NEXSTAR\node_modules\@esbuild\linux-riscv64
322 silly reify mark deleted [
322 silly reify   'C:\\Users\\ANURAG RAJ\\Desktop\\NEXSTAR\\node_modules\\@esbuild\\linux-riscv64'
322 silly reify ]
323 verbose reify failed optional dependency C:\Users\ANURAG RAJ\Desktop\NEXSTAR\node_modules\@esbuild\linux-ppc64
324 silly reify mark deleted [
324 silly reify   'C:\\Users\\ANURAG RAJ\\Desktop\\NEXSTAR\\node_modules\\@esbuild\\linux-ppc64'
324 silly reify ]
325 verbose reify failed optional dependency C:\Users\ANURAG RAJ\Desktop\NEXSTAR\node_modules\@esbuild\linux-mips64el
326 silly reify mark deleted [
326 silly reify   'C:\\Users\\ANURAG RAJ\\Desktop\\NEXSTAR\\node_modules\\@esbuild\\linux-mips64el'
326 silly reify ]
327 verbose reify failed optional dependency C:\Users\ANURAG RAJ\Desktop\NEXSTAR\node_modules\@esbuild\linux-loong64
328 silly reify mark deleted [
328 silly reify   'C:\\Users\\ANURAG RAJ\\Desktop\\NEXSTAR\\node_modules\\@esbuild\\linux-loong64'
328 silly reify ]
329 verbose reify failed optional dependency C:\Users\ANURAG RAJ\Desktop\NEXSTAR\node_modules\@esbuild\linux-ia32
330 silly reify mark deleted [
330 silly reify   'C:\\Users\\ANURAG RAJ\\Desktop\\NEXSTAR\\node_modules\\@esbuild\\linux-ia32'
330 silly reify ]
331 verbose reify failed optional dependency C:\Users\ANURAG RAJ\Desktop\NEXSTAR\node_modules\@esbuild\linux-arm64
332 silly reify mark deleted [
332 silly reify   'C:\\Users\\ANURAG RAJ\\Desktop\\NEXSTAR\\node_modules\\@esbuild\\linux-arm64'
332 silly reify ]
333 verbose reify failed optional dependency C:\Users\ANURAG RAJ\Desktop\NEXSTAR\node_modules\@esbuild\linux-arm
334 silly reify mark deleted [
334 silly reify   'C:\\Users\\ANURAG RAJ\\Desktop\\NEXSTAR\\node_modules\\@esbuild\\linux-arm'
334 silly reify ]
335 verbose reify failed optional dependency C:\Users\ANURAG RAJ\Desktop\NEXSTAR\node_modules\@esbuild\freebsd-x64
336 silly reify mark deleted [
336 silly reify   'C:\\Users\\ANURAG RAJ\\Desktop\\NEXSTAR\\node_modules\\@esbuild\\freebsd-x64'
336 silly reify ]
337 verbose reify failed optional dependency C:\Users\ANURAG RAJ\Desktop\NEXSTAR\node_modules\@esbuild\freebsd-arm64
338 silly reify mark deleted [
338 silly reify   'C:\\Users\\ANURAG RAJ\\Desktop\\NEXSTAR\\node_modules\\@esbuild\\freebsd-arm64'
338 silly reify ]
339 verbose reify failed optional dependency C:\Users\ANURAG RAJ\Desktop\NEXSTAR\node_modules\@esbuild\darwin-x64
340 silly reify mark deleted [
340 silly reify   'C:\\Users\\ANURAG RAJ\\Desktop\\NEXSTAR\\node_modules\\@esbuild\\darwin-x64'
340 silly reify ]
341 verbose reify failed optional dependency C:\Users\ANURAG RAJ\Desktop\NEXSTAR\node_modules\@esbuild\darwin-arm64
342 silly reify mark deleted [
342 silly reify   'C:\\Users\\ANURAG RAJ\\Desktop\\NEXSTAR\\node_modules\\@esbuild\\darwin-arm64'
342 silly reify ]
343 verbose reify failed optional dependency C:\Users\ANURAG RAJ\Desktop\NEXSTAR\node_modules\@esbuild\android-x64
344 silly reify mark deleted [
344 silly reify   'C:\\Users\\ANURAG RAJ\\Desktop\\NEXSTAR\\node_modules\\@esbuild\\android-x64'
344 silly reify ]
345 verbose reify failed optional dependency C:\Users\ANURAG RAJ\Desktop\NEXSTAR\node_modules\@esbuild\android-arm64
346 silly reify mark deleted [
346 silly reify   'C:\\Users\\ANURAG RAJ\\Desktop\\NEXSTAR\\node_modules\\@esbuild\\android-arm64'
346 silly reify ]
347 verbose reify failed optional dependency C:\Users\ANURAG RAJ\Desktop\NEXSTAR\node_modules\@esbuild\android-arm
348 silly reify mark deleted [
348 silly reify   'C:\\Users\\ANURAG RAJ\\Desktop\\NEXSTAR\\node_modules\\@esbuild\\android-arm'
348 silly reify ]
349 verbose reify failed optional dependency C:\Users\ANURAG RAJ\Desktop\NEXSTAR\node_modules\@esbuild\aix-ppc64
350 silly reify mark deleted [
350 silly reify   'C:\\Users\\ANURAG RAJ\\Desktop\\NEXSTAR\\node_modules\\@esbuild\\aix-ppc64'
350 silly reify ]
351 http cache @types/use-sync-external-store@https://registry.npmjs.org/@types/use-sync-external-store/-/use-sync-external-store-0.0.6.tgz 0ms (cache hit)
352 http cache @standard-schema/utils@https://registry.npmjs.org/@standard-schema/utils/-/utils-0.3.0.tgz 0ms (cache hit)
353 http cache redux@https://registry.npmjs.org/redux/-/redux-5.0.1.tgz 0ms (cache hit)
354 http cache @standard-schema/spec@https://registry.npmjs.org/@standard-schema/spec/-/spec-1.1.0.tgz 0ms (cache hit)
355 http cache use-sync-external-store@https://registry.npmjs.org/use-sync-external-store/-/use-sync-external-store-1.6.0.tgz 0ms (cache hit)
356 http cache reselect@https://registry.npmjs.org/reselect/-/reselect-5.2.0.tgz 0ms (cache hit)
357 http cache immer@https://registry.npmjs.org/immer/-/immer-10.2.0.tgz 0ms (cache hit)
358 http cache redux-thunk@https://registry.npmjs.org/redux-thunk/-/redux-thunk-3.1.0.tgz 0ms (cache hit)
359 http cache react-redux@https://registry.npmjs.org/react-redux/-/react-redux-9.3.0.tgz 0ms (cache hit)
360 http cache es-toolkit@https://registry.npmjs.org/es-toolkit/-/es-toolkit-1.49.0.tgz 0ms (cache hit)
361 http cache immer@https://registry.npmjs.org/immer/-/immer-11.1.8.tgz 0ms (cache hit)
362 http cache @reduxjs/toolkit@https://registry.npmjs.org/@reduxjs/toolkit/-/toolkit-2.12.0.tgz 0ms (cache hit)
363 silly tarball no local data for @types/use-sync-external-store@https://registry.npmjs.org/@types/use-sync-external-store/-/use-sync-external-store-0.0.6.tgz. Extracting by manifest.
364 http cache victory-vendor@https://registry.npmjs.org/victory-vendor/-/victory-vendor-37.3.6.tgz 0ms (cache hit)
365 silly tarball no local data for @standard-schema/utils@https://registry.npmjs.org/@standard-schema/utils/-/utils-0.3.0.tgz. Extracting by manifest.
366 silly tarball no local data for redux@https://registry.npmjs.org/redux/-/redux-5.0.1.tgz. Extracting by manifest.
367 silly tarball no local data for @standard-schema/spec@https://registry.npmjs.org/@standard-schema/spec/-/spec-1.1.0.tgz. Extracting by manifest.
368 http cache eventemitter3@https://registry.npmjs.org/eventemitter3/-/eventemitter3-5.0.4.tgz 0ms (cache hit)
369 silly tarball no local data for use-sync-external-store@https://registry.npmjs.org/use-sync-external-store/-/use-sync-external-store-1.6.0.tgz. Extracting by manifest.
370 silly tarball no local data for reselect@https://registry.npmjs.org/reselect/-/reselect-5.2.0.tgz. Extracting by manifest.
371 http cache recharts@https://registry.npmjs.org/recharts/-/recharts-3.9.0.tgz 0ms (cache hit)
372 silly tarball no local data for redux-thunk@https://registry.npmjs.org/redux-thunk/-/redux-thunk-3.1.0.tgz. Extracting by manifest.
373 silly tarball no local data for immer@https://registry.npmjs.org/immer/-/immer-10.2.0.tgz. Extracting by manifest.
374 silly tarball no local data for react-redux@https://registry.npmjs.org/react-redux/-/react-redux-9.3.0.tgz. Extracting by manifest.
375 silly tarball no local data for es-toolkit@https://registry.npmjs.org/es-toolkit/-/es-toolkit-1.49.0.tgz. Extracting by manifest.
376 silly tarball no local data for immer@https://registry.npmjs.org/immer/-/immer-11.1.8.tgz. Extracting by manifest.
377 silly tarball no local data for @reduxjs/toolkit@https://registry.npmjs.org/@reduxjs/toolkit/-/toolkit-2.12.0.tgz. Extracting by manifest.
378 silly tarball no local data for victory-vendor@https://registry.npmjs.org/victory-vendor/-/victory-vendor-37.3.6.tgz. Extracting by manifest.
379 silly tarball no local data for eventemitter3@https://registry.npmjs.org/eventemitter3/-/eventemitter3-5.0.4.tgz. Extracting by manifest.
380 silly tarball no local data for recharts@https://registry.npmjs.org/recharts/-/recharts-3.9.0.tgz. Extracting by manifest.
381 http fetch GET 200 https://registry.npmjs.org/@standard-schema/utils/-/utils-0.3.0.tgz 195ms (cache miss)
382 http fetch GET 200 https://registry.npmjs.org/@types/use-sync-external-store/-/use-sync-external-store-0.0.6.tgz 206ms (cache miss)
383 http fetch GET 200 https://registry.npmjs.org/@standard-schema/spec/-/spec-1.1.0.tgz 248ms (cache miss)
384 http fetch POST 200 https://registry.npmjs.org/-/npm/v1/security/advisories/bulk 303ms
385 silly audit report {}
386 http fetch GET 200 https://registry.npmjs.org/redux-thunk/-/redux-thunk-3.1.0.tgz 376ms (cache miss)
387 http fetch GET 200 https://registry.npmjs.org/use-sync-external-store/-/use-sync-external-store-1.6.0.tgz 424ms (cache miss)
388 http fetch GET 200 https://registry.npmjs.org/eventemitter3/-/eventemitter3-5.0.4.tgz 420ms (cache miss)
389 http fetch GET 200 https://registry.npmjs.org/redux/-/redux-5.0.1.tgz 573ms (cache miss)
390 http fetch GET 200 https://registry.npmjs.org/immer/-/immer-11.1.8.tgz 782ms (cache miss)
391 http fetch GET 200 https://registry.npmjs.org/reselect/-/reselect-5.2.0.tgz 793ms (cache miss)
392 http fetch GET 200 https://registry.npmjs.org/immer/-/immer-10.2.0.tgz 813ms (cache miss)
393 http fetch GET 200 https://registry.npmjs.org/react-redux/-/react-redux-9.3.0.tgz 856ms (cache miss)
394 http fetch GET 200 https://registry.npmjs.org/victory-vendor/-/victory-vendor-37.3.6.tgz 1574ms (cache miss)
395 http fetch GET 200 https://registry.npmjs.org/@reduxjs/toolkit/-/toolkit-2.12.0.tgz 1654ms (cache miss)
396 http fetch GET 200 https://registry.npmjs.org/recharts/-/recharts-3.9.0.tgz 3342ms (cache miss)
397 http fetch GET 200 https://registry.npmjs.org/es-toolkit/-/es-toolkit-1.49.0.tgz 10123ms (cache miss)
398 silly ADD node_modules/@types/use-sync-external-store
399 silly ADD node_modules/redux-thunk
400 silly ADD node_modules/redux
401 silly ADD node_modules/@standard-schema/utils
402 silly ADD node_modules/@standard-schema/spec
403 silly ADD node_modules/use-sync-external-store
404 silly ADD node_modules/reselect
405 silly ADD node_modules/react-redux
406 silly ADD node_modules/immer
407 silly ADD node_modules/es-toolkit
408 silly ADD node_modules/@reduxjs/toolkit
409 silly ADD node_modules/@reduxjs/toolkit/node_modules/immer
410 silly ADD
411 silly ADD
412 silly ADD
413 silly ADD
414 silly ADD
415 silly ADD
416 silly ADD
417 silly ADD
418 silly ADD
419 silly ADD
420 silly ADD
421 silly ADD
422 silly ADD
423 silly ADD
424 silly ADD
425 silly ADD
426 silly ADD
427 silly ADD
428 silly ADD
429 silly ADD
430 silly ADD
431 silly ADD
432 silly ADD
433 silly ADD
434 silly ADD
435 silly ADD
436 silly ADD
437 silly ADD
438 silly ADD
439 silly ADD
440 silly ADD
441 silly ADD
442 silly ADD
443 silly ADD
444 silly ADD
445 silly ADD
446 silly ADD
447 silly ADD
448 silly ADD
449 silly ADD
450 silly ADD
451 silly ADD
452 silly ADD
453 silly ADD
454 silly ADD
455 silly ADD
456 silly ADD
457 silly ADD
458 silly ADD
459 silly CHANGE node_modules/victory-vendor
460 silly REMOVE node_modules/recharts-scale
461 silly CHANGE node_modules/recharts
462 silly REMOVE node_modules/react-transition-group
463 silly REMOVE node_modules/react-smooth
464 silly REMOVE node_modules/prop-types
465 silly REMOVE node_modules/prop-types/node_modules/react-is
466 silly REMOVE node_modules/loose-envify
467 silly REMOVE node_modules/lodash
468 silly REMOVE node_modules/fast-equals
469 silly CHANGE node_modules/eventemitter3
470 silly REMOVE node_modules/dom-helpers
471 silly REMOVE node_modules/csstype
472 silly REMOVE node_modules/@babel/runtime
473 verbose cwd C:\Users\ANURAG RAJ\Desktop\NEXSTAR
474 verbose os Windows_NT 10.0.26200
475 verbose node v22.18.0
476 verbose npm  v10.9.3
477 verbose exit 0
478 info ok
